Archive member included to satisfy reference by file (symbol)

/opt/st/stm32cubeide_1.13.1/plugins/com.st.stm32cube.ide.mcu.externaltools.gnu-tools-for-stm32.11.3.rel1.linux64_1.1.0.202305231506/tools/bin/../lib/gcc/arm-none-eabi/11.3.1/../../../../arm-none-eabi/lib/thumb/v7e-m+fp/hard/libc_nano.a(libc_a-exit.o)
                              /opt/st/stm32cubeide_1.13.1/plugins/com.st.stm32cube.ide.mcu.externaltools.gnu-tools-for-stm32.11.3.rel1.linux64_1.1.0.202305231506/tools/bin/../lib/gcc/arm-none-eabi/11.3.1/../../../../arm-none-eabi/lib/thumb/v7e-m+fp/hard/crt0.o (exit)
/opt/st/stm32cubeide_1.13.1/plugins/com.st.stm32cube.ide.mcu.externaltools.gnu-tools-for-stm32.11.3.rel1.linux64_1.1.0.202305231506/tools/bin/../lib/gcc/arm-none-eabi/11.3.1/../../../../arm-none-eabi/lib/thumb/v7e-m+fp/hard/libc_nano.a(libc_a-findfp.o)
                              /opt/st/stm32cubeide_1.13.1/plugins/com.st.stm32cube.ide.mcu.externaltools.gnu-tools-for-stm32.11.3.rel1.linux64_1.1.0.202305231506/tools/bin/../lib/gcc/arm-none-eabi/11.3.1/../../../../arm-none-eabi/lib/thumb/v7e-m+fp/hard/libc_nano.a(libc_a-exit.o) (__stdio_exit_handler)
/opt/st/stm32cubeide_1.13.1/plugins/com.st.stm32cube.ide.mcu.externaltools.gnu-tools-for-stm32.11.3.rel1.linux64_1.1.0.202305231506/tools/bin/../lib/gcc/arm-none-eabi/11.3.1/../../../../arm-none-eabi/lib/thumb/v7e-m+fp/hard/libc_nano.a(libc_a-fwalk.o)
                              /opt/st/stm32cubeide_1.13.1/plugins/com.st.stm32cube.ide.mcu.externaltools.gnu-tools-for-stm32.11.3.rel1.linux64_1.1.0.202305231506/tools/bin/../lib/gcc/arm-none-eabi/11.3.1/../../../../arm-none-eabi/lib/thumb/v7e-m+fp/hard/libc_nano.a(libc_a-findfp.o) (_fwalk_sglue)
/opt/st/stm32cubeide_1.13.1/plugins/com.st.stm32cube.ide.mcu.externaltools.gnu-tools-for-stm32.11.3.rel1.linux64_1.1.0.202305231506/tools/bin/../lib/gcc/arm-none-eabi/11.3.1/../../../../arm-none-eabi/lib/thumb/v7e-m+fp/hard/libc_nano.a(libc_a-stdio.o)
                              /opt/st/stm32cubeide_1.13.1/plugins/com.st.stm32cube.ide.mcu.externaltools.gnu-tools-for-stm32.11.3.rel1.linux64_1.1.0.202305231506/tools/bin/../lib/gcc/arm-none-eabi/11.3.1/../../../../arm-none-eabi/lib/thumb/v7e-m+fp/hard/libc_nano.a(libc_a-findfp.o) (__sread)
/opt/st/stm32cubeide_1.13.1/plugins/com.st.stm32cube.ide.mcu.externaltools.gnu-tools-for-stm32.11.3.rel1.linux64_1.1.0.202305231506/tools/bin/../lib/gcc/arm-none-eabi/11.3.1/../../../../arm-none-eabi/lib/thumb/v7e-m+fp/hard/libc_nano.a(libc_a-memset.o)
                              /opt/st/stm32cubeide_1.13.1/plugins/com.st.stm32cube.ide.mcu.externaltools.gnu-tools-for-stm32.11.3.rel1.linux64_1.1.0.202305231506/tools/bin/../lib/gcc/arm-none-eabi/11.3.1/../../../../arm-none-eabi/lib/thumb/v7e-m+fp/hard/crt0.o (memset)
/opt/st/stm32cubeide_1.13.1/plugins/com.st.stm32cube.ide.mcu.externaltools.gnu-tools-for-stm32.11.3.rel1.linux64_1.1.0.202305231506/tools/bin/../lib/gcc/arm-none-eabi/11.3.1/../../../../arm-none-eabi/lib/thumb/v7e-m+fp/hard/libc_nano.a(libc_a-closer.o)
                              /opt/st/stm32cubeide_1.13.1/plugins/com.st.stm32cube.ide.mcu.externaltools.gnu-tools-for-stm32.11.3.rel1.linux64_1.1.0.202305231506/tools/bin/../lib/gcc/arm-none-eabi/11.3.1/../../../../arm-none-eabi/lib/thumb/v7e-m+fp/hard/libc_nano.a(libc_a-stdio.o) (_close_r)
/opt/st/stm32cubeide_1.13.1/plugins/com.st.stm32cube.ide.mcu.externaltools.gnu-tools-for-stm32.11.3.rel1.linux64_1.1.0.202305231506/tools/bin/../lib/gcc/arm-none-eabi/11.3.1/../../../../arm-none-eabi/lib/thumb/v7e-m+fp/hard/libc_nano.a(libc_a-reent.o)
                              /opt/st/stm32cubeide_1.13.1/plugins/com.st.stm32cube.ide.mcu.externaltools.gnu-tools-for-stm32.11.3.rel1.linux64_1.1.0.202305231506/tools/bin/../lib/gcc/arm-none-eabi/11.3.1/../../../../arm-none-eabi/lib/thumb/v7e-m+fp/hard/libc_nano.a(libc_a-closer.o) (errno)
/opt/st/stm32cubeide_1.13.1/plugins/com.st.stm32cube.ide.mcu.externaltools.gnu-tools-for-stm32.11.3.rel1.linux64_1.1.0.202305231506/tools/bin/../lib/gcc/arm-none-eabi/11.3.1/../../../../arm-none-eabi/lib/thumb/v7e-m+fp/hard/libc_nano.a(libc_a-impure.o)
                              /opt/st/stm32cubeide_1.13.1/plugins/com.st.stm32cube.ide.mcu.externaltools.gnu-tools-for-stm32.11.3.rel1.linux64_1.1.0.202305231506/tools/bin/../lib/gcc/arm-none-eabi/11.3.1/../../../../arm-none-eabi/lib/thumb/v7e-m+fp/hard/libc_nano.a(libc_a-reent.o) (_impure_ptr)
/opt/st/stm32cubeide_1.13.1/plugins/com.st.stm32cube.ide.mcu.externaltools.gnu-tools-for-stm32.11.3.rel1.linux64_1.1.0.202305231506/tools/bin/../lib/gcc/arm-none-eabi/11.3.1/../../../../arm-none-eabi/lib/thumb/v7e-m+fp/hard/libc_nano.a(libc_a-lseekr.o)
                              /opt/st/stm32cubeide_1.13.1/plugins/com.st.stm32cube.ide.mcu.externaltools.gnu-tools-for-stm32.11.3.rel1.linux64_1.1.0.202305231506/tools/bin/../lib/gcc/arm-none-eabi/11.3.1/../../../../arm-none-eabi/lib/thumb/v7e-m+fp/hard/libc_nano.a(libc_a-stdio.o) (_lseek_r)
[...]
Memory Configuration

Name             Origin             Length             Attributes
CCMRAM           0x0000000010000000 0x0000000000002000 xrw
RAM              0x0000000020000000 0x000000000000a000 xrw
FLASH            0x0000000008000000 0x0000000000040000 xr
*default*        0x0000000000000000 0xffffffffffffffff

Linker script and memory map

LOAD /opt/st/stm32cubeide_1.13.1/plugins/com.st.stm32cube.ide.mcu.externaltools.gnu-tools-for-stm32.11.3.rel1.linux64_1.1.0.202305231506/tools/bin/../lib/gcc/arm-none-eabi/11.3.1/thumb/v7e-m+fp/hard/crti.o
LOAD /opt/st/stm32cubeide_1.13.1/plugins/com.st.stm32cube.ide.mcu.externaltools.gnu-tools-for-stm32.11.3.rel1.linux64_1.1.0.202305231506/tools/bin/../lib/gcc/arm-none-eabi/11.3.1/thumb/v7e-m+fp/hard/crtbegin.o
LOAD /opt/st/stm32cubeide_1.13.1/plugins/com.st.stm32cube.ide.mcu.externaltools.gnu-tools-for-stm32.11.3.rel1.linux64_1.1.0.202305231506/tools/bin/../lib/gcc/arm-none-eabi/11.3.1/../../../../arm-none-eabi/lib/thumb/v7e-m+fp/hard/crt0.o
LOAD ./Src/SC.o
LOAD ./Src/SPI.o
LOAD ./Src/UART.o
LOAD ./Src/main.o
LOAD ./Src/syscalls.o
LOAD ./Src/sysmem.o
LOAD ./Startup/startup_stm32f303vctx.o
START GROUP
LOAD /opt/st/stm32cubeide_1.13.1/plugins/com.st.stm32cube.ide.mcu.externaltools.gnu-tools-for-stm32.11.3.rel1.linux64_1.1.0.202305231506/tools/bin/../lib/gcc/arm-none-eabi/11.3.1/../../../../arm-none-eabi/lib/thumb/v7e-m+fp/hard/libc_nano.a
LOAD /opt/st/stm32cubeide_1.13.1/plugins/com.st.stm32cube.ide.mcu.externaltools.gnu-tools-for-stm32.11.3.rel1.linux64_1.1.0.202305231506/tools/bin/../lib/gcc/arm-none-eabi/11.3.1/../../../../arm-none-eabi/lib/thumb/v7e-m+fp/hard/libm.a
END GROUP
START GROUP
LOAD /opt/st/stm32cubeide_1.13.1/plugins/com.st.stm32cube.ide.mcu.externaltools.gnu-tools-for-stm32.11.3.rel1.linux64_1.1.0.202305231506/tools/bin/../lib/gcc/arm-none-eabi/11.3.1/thumb/v7e-m+fp/hard/libgcc.a
LOAD /opt/st/stm32cubeide_1.13.1/plugins/com.st.stm32cube.ide.mcu.externaltools.gnu-tools-for-stm32.11.3.rel1.linux64_1.1.0.202305231506/tools/bin/../lib/gcc/arm-none-eabi/11.3.1/../../../../arm-none-eabi/lib/thumb/v7e-m+fp/hard/libc_nano.a
END GROUP
START GROUP
LOAD /opt/st/stm32cubeide_1.13.1/plugins/com.st.stm32cube.ide.mcu.externaltools.gnu-tools-for-stm32.11.3.rel1.linux64_1.1.0.202305231506/tools/bin/../lib/gcc/arm-none-eabi/11.3.1/thumb/v7e-m+fp/hard/libgcc.a
LOAD /opt/st/stm32cubeide_1.13.1/plugins/com.st.stm32cube.ide.mcu.externaltools.gnu-tools-for-stm32.11.3.rel1.linux64_1.1.0.202305231506/tools/bin/../lib/gcc/arm-none-eabi/11.3.1/../../../../arm-none-eabi/lib/thumb/v7e-m+fp/hard/libc_nano.a
LOAD /opt/st/stm32cubeide_1.13.1/plugins/com.st.stm32cube.ide.mcu.externaltools.gnu-tools-for-stm32.11.3.rel1.linux64_1.1.0.202305231506/tools/bin/../lib/gcc/arm-none-eabi/11.3.1/../../../../arm-none-eabi/lib/thumb/v7e-m+fp/hard/libnosys.a
END GROUP
START GROUP
LOAD /opt/st/stm32cubeide_1.13.1/plugins/com.st.stm32cube.ide.mcu.externaltools.gnu-tools-for-stm32.11.3.rel1.linux64_1.1.0.202305231506/tools/bin/../lib/gcc/arm-none-eabi/11.3.1/thumb/v7e-m+fp/hard/libgcc.a
LOAD /opt/st/stm32cubeide_1.13.1/plugins/com.st.stm32cube.ide.mcu.externaltools.gnu-tools-for-stm32.11.3.rel1.linux64_1.1.0.202305231506/tools/bin/../lib/gcc/arm-none-eabi/11.3.1/../../../../arm-none-eabi/lib/thumb/v7e-m+fp/hard/libc_nano.a
LOAD /opt/st/stm32cubeide_1.13.1/plugins/com.st.stm32cube.ide.mcu.externaltools.gnu-tools-for-stm32.11.3.rel1.linux64_1.1.0.202305231506/tools/bin/../lib/gcc/arm-none-eabi/11.3.1/../../../../arm-none-eabi/lib/thumb/v7e-m+fp/hard/libnosys.a
END GROUP
LOAD /opt/st/stm32cubeide_1.13.1/plugins/com.st.stm32cube.ide.mcu.externaltools.gnu-tools-for-stm32.11.3.rel1.linux64_1.1.0.202305231506/tools/bin/../lib/gcc/arm-none-eabi/11.3.1/thumb/v7e-m+fp/hard/crtend.o
LOAD /opt/st/stm32cubeide_1.13.1/plugins/com.st.stm32cube.ide.mcu.externaltools.gnu-tools-for-stm32.11.3.rel1.linux64_1.1.0.202305231506/tools/bin/../lib/gcc/arm-none-eabi/11.3.1/thumb/v7e-m+fp/hard/crtn.o
                0x000000002000a000                _estack = (ORIGIN (RAM) + LENGTH (RAM))
                0x0000000000000200                _Min_Heap_Size = 0x200
                0x0000000000000400                _Min_Stack_Size = 0x400

.isr_vector     0x0000000008000000      0x194
                0x0000000008000000                . = ALIGN (0x4)
 *(.isr_vector)
 .isr_vector    0x0000000008000000      0x194 ./Startup/startup_stm32f303vctx.o
                0x0000000008000000                g_pfnVectors
                0x0000000008000194                . = ALIGN (0x4)

.text           0x0000000008000194      0x540
                0x0000000008000194                . = ALIGN (0x4)
 *(.text)
 .text          0x0000000008000194       0x40 /opt/st/stm32cubeide_1.13.1/plugins/com.st.stm32cube.ide.mcu.externaltools.gnu-tools-for-stm32.11.3.rel1.linux64_1.1.0.202305231506/tools/bin/../lib/gcc/arm-none-eabi/11.3.1/thumb/v7e-m+fp/hard/crtbegin.o
 *(.text*)
 .text.setbit   0x00000000080001d4       0x28 ./Src/SC.o
                0x00000000080001d4                setbit
 .text.clearbit
                0x00000000080001fc       0x2a ./Src/SC.o
                0x00000000080001fc                clearbit
 *fill*         0x0000000008000226        0x2 
 .text.SPIconfig
                0x0000000008000228      0x13c ./Src/SPI.o
                0x0000000008000228                SPIconfig
 .text.UARTconfig
                0x0000000008000364      0x148 ./Src/UART.o
                0x0000000008000364                UARTconfig
 .text.main     0x00000000080004ac      0x174 ./Src/main.o
                0x00000000080004ac                main
 .text.Reset_Handler
                0x0000000008000620       0x50 ./Startup/startup_stm32f303vctx.o
                0x0000000008000620                Reset_Handler
 .text.Default_Handler
                0x0000000008000670        0x2 ./Startup/startup_stm32f303vctx.o
                0x0000000008000670                TIM8_TRG_COM_IRQHandler
                0x0000000008000670                TIM8_CC_IRQHandler
                0x0000000008000670                DebugMon_Handler
                0x0000000008000670                DMA1_CH4_IRQHandler
                0x0000000008000670                SPI4_IRQHandler
                0x0000000008000670                TIM1_CC_IRQHandler
                0x0000000008000670                HardFault_Handler
                0x0000000008000670                USB_HP_IRQHandler
                0x0000000008000670                I2C2_EV_EXTI24_IRQHandler
                0x0000000008000670                SysTick_Handler
                0x0000000008000670                USB_WKUP_EXTI_IRQHandler
                0x0000000008000670                PVD_IRQHandler
                0x0000000008000670                UART4_EXTI34_IRQHandler
                0x0000000008000670                TAMP_STAMP_IRQHandler
                0x0000000008000670                PendSV_Handler
                0x0000000008000670                NMI_Handler
                0x0000000008000670                EXTI3_IRQHandler
                0x0000000008000670                I2C3_ER_IRQHandler
                0x0000000008000670                TIM6_DACUNDER_IRQHandler
                0x0000000008000670                USB_HP_CAN_TX_IRQHandler
                0x0000000008000670                EXTI0_IRQHandler
                0x0000000008000670                DMA2_CH1_IRQHandler
                0x0000000008000670                TIM1_UP_TIM16_IRQHandler
                0x0000000008000670                UsageFault_Handler
                0x0000000008000670                ADC1_2_IRQHandler
                0x0000000008000670                SPI1_IRQHandler
                0x0000000008000670                CAN_SCE_IRQHandler
                0x0000000008000670                DMA1_CH7_IRQHandler
                0x0000000008000670                TIM8_UP_IRQHandler
                0x0000000008000670                COMP456_IRQHandler
                0x0000000008000670                DMA1_CH6_IRQHandler
                0x0000000008000670                TIM20_TRG_COM_IRQHandler
                0x0000000008000670                ADC3_IRQHandler
                0x0000000008000670                TIM4_IRQHandler
                0x0000000008000670                CAN_RX1_IRQHandler
                0x0000000008000670                USART1_EXTI25_IRQHandler
                0x0000000008000670                DMA2_CH5_IRQHandler
                0x0000000008000670                I2C1_EV_EXTI23_IRQHandler
                0x0000000008000670                DMA1_CH3_IRQHandler
                0x0000000008000670                TIM3_IRQHandler
                0x0000000008000670                RCC_IRQHandler
                0x0000000008000670                TIM20_UP_IRQHandler
                0x0000000008000670                Default_Handler
                0x0000000008000670                EXTI15_10_IRQHandler
                0x0000000008000670                USART2_EXTI26_IRQHandler
                0x0000000008000670                USART3_EXTI28_IRQHandler
                0x0000000008000670                TIM7_IRQHandler
                0x0000000008000670                I2C3_EV_IRQHandler
                0x0000000008000670                EXTI9_5_IRQHandler
                0x0000000008000670                DMA1_CH2_IRQHandler
                0x0000000008000670                RTC_WKUP_IRQHandler
                0x0000000008000670                SPI2_IRQHandler
                0x0000000008000670                DMA1_CH1_IRQHandler
                0x0000000008000670                USB_LP_CAN_RX0_IRQHandler
                0x0000000008000670                MemManage_Handler
                0x0000000008000670                COMP123_IRQHandler
                0x0000000008000670                SVC_Handler
                0x0000000008000670                USB_LP_IRQHandler
                0x0000000008000670                EXTI4_IRQHandler
                0x0000000008000670                TIM1_TRG_COM_TIM17_IRQHandler
                0x0000000008000670                ADC4_IRQHandler
                0x0000000008000670                WWDG_IRQHandler
                0x0000000008000670                TIM2_IRQHandler
                0x0000000008000670                COMP7_IRQHandler
                0x0000000008000670                EXTI1_IRQHandler
                0x0000000008000670                RTCAlarm_IRQHandler
                0x0000000008000670                UART5_EXTI35_IRQHandler
                0x0000000008000670                TIM20_BRK_IRQHandler
                0x0000000008000670                I2C2_ER_IRQHandler
                0x0000000008000670                TIM8_BRK_IRQHandler
                0x0000000008000670                FLASH_IRQHandler
                0x0000000008000670                TIM20_CC_IRQHandler
                0x0000000008000670                BusFault_Handler
                0x0000000008000670                SPI3_IRQHandler
                0x0000000008000670                DMA2_CH3_IRQHandler
                0x0000000008000670                DMA2_CH2_IRQHandler
                0x0000000008000670                I2C1_ER_IRQHandler
                0x0000000008000670                FMC_IRQHandler
                0x0000000008000670                DMA1_CH5_IRQHandler
                0x0000000008000670                DMA2_CH4_IRQHandler
                0x0000000008000670                USB_WKUP_IRQHandler
                0x0000000008000670                EXTI2_TSC_IRQHandler
                0x0000000008000670                TIM1_BRK_TIM15_IRQHandler
 *fill*         0x0000000008000672        0x2 
 .text.__libc_init_array
                0x0000000008000674       0x48 /opt/st/stm32cubeide_1.13.1/plugins/com.st.stm32cube.ide.mcu.externaltools.gnu-tools-for-stm32.11.3.rel1.linux64_1.1.0.202305231506/tools/bin/../lib/gcc/arm-none-eabi/11.3.1/../../../../arm-none-eabi/lib/thumb/v7e-m+fp/hard/libc_nano.a(libc_a-init.o)
                0x0000000008000674                __libc_init_array
 *(.glue_7)
 .glue_7        0x00000000080006bc        0x0 linker stubs
 *(.glue_7t)
 .glue_7t       0x00000000080006bc        0x0 linker stubs
 *(.eh_frame)
 .eh_frame      0x00000000080006bc        0x0 /opt/st/stm32cubeide_1.13.1/plugins/com.st.stm32cube.ide.mcu.externaltools.gnu-tools-for-stm32.11.3.rel1.linux64_1.1.0.202305231506/tools/bin/../lib/gcc/arm-none-eabi/11.3.1/thumb/v7e-m+fp/hard/crtbegin.o
 *(.init)
 .init          0x00000000080006bc        0x4 /opt/st/stm32cubeide_1.13.1/plugins/com.st.stm32cube.ide.mcu.externaltools.gnu-tools-for-stm32.11.3.rel1.linux64_1.1.0.202305231506/tools/bin/../lib/gcc/arm-none-eabi/11.3.1/thumb/v7e-m+fp/hard/crti.o
                0x00000000080006bc                _init
 .init          0x00000000080006c0        0x8 /opt/st/stm32cubeide_1.13.1/plugins/com.st.stm32cube.ide.mcu.externaltools.gnu-tools-for-stm32.11.3.rel1.linux64_1.1.0.202305231506/tools/bin/../lib/gcc/arm-none-eabi/11.3.1/thumb/v7e-m+fp/hard/crtn.o
 *(.fini)
 .fini          0x00000000080006c8        0x4 /opt/st/stm32cubeide_1.13.1/plugins/com.st.stm32cube.ide.mcu.externaltools.gnu-tools-for-stm32.11.3.rel1.linux64_1.1.0.202305231506/tools/bin/../lib/gcc/arm-none-eabi/11.3.1/thumb/v7e-m+fp/hard/crti.o
                0x00000000080006c8                _fini
 .fini          0x00000000080006cc        0x8 /opt/st/stm32cubeide_1.13.1/plugins/com.st.stm32cube.ide.mcu.externaltools.gnu-tools-for-stm32.11.3.rel1.linux64_1.1.0.202305231506/tools/bin/../lib/gcc/arm-none-eabi/11.3.1/thumb/v7e-m+fp/hard/crtn.o
                0x00000000080006d4                . = ALIGN (0x4)
                0x00000000080006d4                _etext = .

.vfp11_veneer   0x00000000080006d4        0x0
 .vfp11_veneer  0x00000000080006d4        0x0 linker stubs

.v4_bx          0x00000000080006d4        0x0
 .v4_bx         0x00000000080006d4        0x0 linker stubs

.iplt           0x00000000080006d4        0x0
 .iplt          0x00000000080006d4        0x0 /opt/st/stm32cubeide_1.13.1/plugins/com.st.stm32cube.ide.mcu.externaltools.gnu-tools-for-stm32.11.3.rel1.linux64_1.1.0.202305231506/tools/bin/../lib/gcc/arm-none-eabi/11.3.1/thumb/v7e-m+fp/hard/crtbegin.o

.rel.dyn        0x00000000080006d4        0x0
 .rel.iplt      0x00000000080006d4        0x0 /opt/st/stm32cubeide_1.13.1/plugins/com.st.stm32cube.ide.mcu.externaltools.gnu-tools-for-stm32.11.3.rel1.linux64_1.1.0.202305231506/tools/bin/../lib/gcc/arm-none-eabi/11.3.1/thumb/v7e-m+fp/hard/crtbegin.o

.rodata         0x00000000080006d4        0x0
                0x00000000080006d4                . = ALIGN (0x4)
 *(.rodata)
 *(.rodata*)
                0x00000000080006d4                . = ALIGN (0x4)

.ARM.extab      0x00000000080006d4        0x0
                0x00000000080006d4                . = ALIGN (0x4)
 *(.ARM.extab* .gnu.linkonce.armextab.*)
                0x00000000080006d4                . = ALIGN (0x4)

.ARM            0x00000000080006d4        0x0
                0x00000000080006d4                . = ALIGN (0x4)
                0x00000000080006d4                __exidx_start = .
 *(.ARM.exidx*)
                0x00000000080006d4                __exidx_end = .
                0x00000000080006d4                . = ALIGN (0x4)

.preinit_array  0x00000000080006d4        0x0
                0x00000000080006d4                . = ALIGN (0x4)
                0x00000000080006d4                PROVIDE (__preinit_array_start = .)
 *(.preinit_array*)
                0x00000000080006d4                PROVIDE (__preinit_array_end = .)
                0x00000000080006d4                . = ALIGN (0x4)

.init_array     0x00000000080006d4        0x4
                0x00000000080006d4                . = ALIGN (0x4)
                0x00000000080006d4                PROVIDE (__init_array_start = .)
 *(SORT_BY_NAME(.init_array.*))
 *(.init_array*)
 .init_array    0x00000000080006d4        0x4 /opt/st/stm32cubeide_1.13.1/plugins/com.st.stm32cube.ide.mcu.externaltools.gnu-tools-for-stm32.11.3.rel1.linux64_1.1.0.202305231506/tools/bin/../lib/gcc/arm-none-eabi/11.3.1/thumb/v7e-m+fp/hard/crtbegin.o
                0x00000000080006d8                PROVIDE (__init_array_end = .)
                0x00000000080006d8                . = ALIGN (0x4)

.fini_array     0x00000000080006d8        0x4
                0x00000000080006d8                . = ALIGN (0x4)
                [!provide]                        PROVIDE (__fini_array_start = .)
 *(SORT_BY_NAME(.fini_array.*))
 *(.fini_array*)
 .fini_array    0x00000000080006d8        0x4 /opt/st/stm32cubeide_1.13.1/plugins/com.st.stm32cube.ide.mcu.externaltools.gnu-tools-for-stm32.11.3.rel1.linux64_1.1.0.202305231506/tools/bin/../lib/gcc/arm-none-eabi/11.3.1/thumb/v7e-m+fp/hard/crtbegin.o
                [!provide]                        PROVIDE (__fini_array_end = .)
                0x00000000080006dc                . = ALIGN (0x4)
                0x00000000080006dc                _sidata = LOADADDR (.data)

.data           0x0000000020000000        0x0 load address 0x00000000080006dc
                0x0000000020000000                . = ALIGN (0x4)
                0x0000000020000000                _sdata = .
 *(.data)
 *(.data*)
 *(.RamFunc)
 *(.RamFunc*)
                0x0000000020000000                . = ALIGN (0x4)
                0x0000000020000000                _edata = .
                0x00000000080006dc                _siccmram = LOADADDR (.ccmram)

.igot.plt       0x0000000020000000        0x0 load address 0x00000000080006dc
 .igot.plt      0x0000000020000000        0x0 /opt/st/stm32cubeide_1.13.1/plugins/com.st.stm32cube.ide.mcu.externaltools.gnu-tools-for-stm32.11.3.rel1.linux64_1.1.0.202305231506/tools/bin/../lib/gcc/arm-none-eabi/11.3.1/thumb/v7e-m+fp/hard/crtbegin.o

.ccmram         0x0000000010000000        0x0 load address 0x00000000080006dc
                0x0000000010000000                . = ALIGN (0x4)
                0x0000000010000000                _sccmram = .
 *(.ccmram)
 *(.ccmram*)
                0x0000000010000000                . = ALIGN (0x4)
                0x0000000010000000                _eccmram = .
                0x0000000010000000                . = ALIGN (0x4)

.bss            0x0000000020000000       0x68
                0x0000000020000000                _sbss = .
                0x0000000020000000                __bss_start__ = _sbss
 *(.bss)
 .bss           0x0000000020000000       0x1c /opt/st/stm32cubeide_1.13.1/plugins/com.st.stm32cube.ide.mcu.externaltools.gnu-tools-for-stm32.11.3.rel1.linux64_1.1.0.202305231506/tools/bin/../lib/gcc/arm-none-eabi/11.3.1/thumb/v7e-m+fp/hard/crtbegin.o
 *(.bss*)
 .bss.USART1_CR1
                0x000000002000001c        0x4 ./Src/UART.o
                0x000000002000001c                USART1_CR1
 .bss.USART1_CR2
                0x0000000020000020        0x4 ./Src/UART.o
                0x0000000020000020                USART1_CR2
 .bss.RCC_APB2ENR
                0x0000000020000024        0x4 ./Src/UART.o
                0x0000000020000024                RCC_APB2ENR
 .bss.USART_TDR
                0x0000000020000028        0x4 ./Src/UART.o
                0x0000000020000028                USART_TDR
 .bss.USART_ISR
                0x000000002000002c        0x4 ./Src/UART.o
                0x000000002000002c                USART_ISR
 .bss.USART_BRR
                0x0000000020000030        0x4 ./Src/UART.o
                0x0000000020000030                USART_BRR
 .bss.GPIO_C    0x0000000020000034        0x4 ./Src/UART.o
                0x0000000020000034                GPIO_C
 .bss.RCC_AHBENR
                0x0000000020000038        0x4 ./Src/UART.o
                0x0000000020000038                RCC_AHBENR
 .bss.GPIO_AFRL
                0x000000002000003c        0x4 ./Src/UART.o
                0x000000002000003c                GPIO_AFRL
 .bss.GPIO_MODER
                0x0000000020000040        0x4 ./Src/UART.o
                0x0000000020000040                GPIO_MODER
 .bss.GPIOx_ODR
                0x0000000020000044        0x4 ./Src/UART.o
                0x0000000020000044                GPIOx_ODR
 .bss.USART_RDR
                0x0000000020000048        0x4 ./Src/UART.o
                0x0000000020000048                USART_RDR
 .bss.SPI1_SR   0x000000002000004c        0x4 ./Src/main.o
                0x000000002000004c                SPI1_SR
 .bss.SPI1_DR   0x0000000020000050        0x4 ./Src/main.o
                0x0000000020000050                SPI1_DR
 .bss.GPIOE_ODR
                0x0000000020000054        0x4 ./Src/main.o
                0x0000000020000054                GPIOE_ODR
 .bss.X_L       0x0000000020000058        0x4 ./Src/main.o
                0x0000000020000058                X_L
 .bss.X_H       0x000000002000005c        0x4 ./Src/main.o
                0x000000002000005c                X_H
 .bss.i         0x0000000020000060        0x4 ./Src/main.o
                0x0000000020000060                i
 .bss.count     0x0000000020000064        0x4 ./Src/main.o
                0x0000000020000064                count
 *(COMMON)
                0x0000000020000068                . = ALIGN (0x4)
                0x0000000020000068                _ebss = .
                0x0000000020000068                __bss_end__ = _ebss

._user_heap_stack
                0x0000000020000068      0x600
                0x0000000020000068                . = ALIGN (0x8)
                [!provide]                        PROVIDE (end = .)
                0x0000000020000068                PROVIDE (_end = .)
                0x0000000020000268                . = (. + _Min_Heap_Size)
 *fill*         0x0000000020000068      0x200 
                0x0000000020000668                . = (. + _Min_Stack_Size)
 *fill*         0x0000000020000268      0x400 
                0x0000000020000668                . = ALIGN (0x8)

/DISCARD/
 libc.a(*)
 libm.a(*)
 libgcc.a(*)

.ARM.attributes
                0x0000000000000000       0x30
 *(.ARM.attributes)
 .ARM.attributes
                0x0000000000000000       0x1e /opt/st/stm32cubeide_1.13.1/plugins/com.st.stm32cube.ide.mcu.externaltools.gnu-tools-for-stm32.11.3.rel1.linux64_1.1.0.202305231506/tools/bin/../lib/gcc/arm-none-eabi/11.3.1/thumb/v7e-m+fp/hard/crti.o
 .ARM.attributes
                0x000000000000001e       0x34 /opt/st/stm32cubeide_1.13.1/plugins/com.st.stm32cube.ide.mcu.externaltools.gnu-tools-for-stm32.11.3.rel1.linux64_1.1.0.202305231506/tools/bin/../lib/gcc/arm-none-eabi/11.3.1/thumb/v7e-m+fp/hard/crtbegin.o
 .ARM.attributes
                0x0000000000000052       0x34 ./Src/SC.o
 .ARM.attributes
                0x0000000000000086       0x34 ./Src/SPI.o
 .ARM.attributes
                0x00000000000000ba       0x34 ./Src/UART.o
 .ARM.attributes
                0x00000000000000ee       0x34 ./Src/main.o
 .ARM.attributes
                0x0000000000000122       0x21 ./Startup/startup_stm32f303vctx.o
 .ARM.attributes
                0x0000000000000143       0x34 /opt/st/stm32cubeide_1.13.1/plugins/com.st.stm32cube.ide.mcu.externaltools.gnu-tools-for-stm32.11.3.rel1.linux64_1.1.0.202305231506/tools/bin/../lib/gcc/arm-none-eabi/11.3.1/../../../../arm-none-eabi/lib/thumb/v7e-m+fp/hard/libc_nano.a(libc_a-init.o)
 .ARM.attributes
                0x0000000000000177       0x1e /opt/st/stm32cubeide_1.13.1/plugins/com.st.stm32cube.ide.mcu.externaltools.gnu-tools-for-stm32.11.3.rel1.linux64_1.1.0.202305231506/tools/bin/../lib/gcc/arm-none-eabi/11.3.1/thumb/v7e-m+fp/hard/crtn.o
OUTPUT(usart_SPI.elf elf32-littlearm)
LOAD linker stubs
LOAD /opt/st/stm32cubeide_1.13.1/plugins/com.st.stm32cube.ide.mcu.externaltools.gnu-tools-for-stm32.11.3.rel1.linux64_1.1.0.202305231506/tools/bin/../lib/gcc/arm-none-eabi/11.3.1/../../../../arm-none-eabi/lib/thumb/v7e-m+fp/hard/libc.a
LOAD /opt/st/stm32cubeide_1.13.1/plugins/com.st.stm32cube.ide.mcu.externaltools.gnu-tools-for-stm32.11.3.rel1.linux64_1.1.0.202305231506/tools/bin/../lib/gcc/arm-none-eabi/11.3.1/../../../../arm-none-eabi/lib/thumb/v7e-m+fp/hard/libm.a
LOAD /opt/st/stm32cubeide_1.13.1/plugins/com.st.stm32cube.ide.mcu.externaltools.gnu-tools-for-stm32.11.3.rel1.linux64_1.1.0.202305231506/tools/bin/../lib/gcc/arm-none-eabi/11.3.1/thumb/v7e-m+fp/hard/libgcc.a

.comment        0x0000000000000000       0x43
 .comment       0x0000000000000000       0x43 /opt/st/stm32cubeide_1.13.1/plugins/com.st.stm32cube.ide.mcu.externaltools.gnu-tools-for-stm32.11.3.rel1.linux64_1.1.0.202305231506/tools/bin/../lib/gcc/arm-none-eabi/11.3.1/thumb/v7e-m+fp/hard/crtbegin.o
                                         0x44 (size before relaxing)
 .comment       0x0000000000000043       0x44 ./Src/SC.o
 .comment       0x0000000000000043       0x44 ./Src/SPI.o
 .comment       0x0000000000000043       0x44 ./Src/UART.o
 .comment       0x0000000000000043       0x44 ./Src/main.o

.debug_info     0x0000000000000000      0x5b0
 .debug_info    0x0000000000000000      0x120 ./Src/SC.o
 .debug_info    0x0000000000000120      0x168 ./Src/SPI.o
 .debug_info    0x0000000000000288      0x188 ./Src/UART.o
 .debug_info    0x0000000000000410      0x17d ./Src/main.o
 .debug_info    0x000000000000058d       0x23 ./Startup/startup_stm32f303vctx.o

.debug_abbrev   0x0000000000000000      0x286
 .debug_abbrev  0x0000000000000000       0x8c ./Src/SC.o
 .debug_abbrev  0x000000000000008c       0x9d ./Src/SPI.o
 .debug_abbrev  0x0000000000000129       0x8c ./Src/UART.o
 .debug_abbrev  0x00000000000001b5       0xbf ./Src/main.o
 .debug_abbrev  0x0000000000000274       0x12 ./Startup/startup_stm32f303vctx.o

.debug_aranges  0x0000000000000000       0xb8
 .debug_aranges
                0x0000000000000000       0x30 ./Src/SC.o
 .debug_aranges
                0x0000000000000030       0x20 ./Src/SPI.o
 .debug_aranges
                0x0000000000000050       0x20 ./Src/UART.o
 .debug_aranges
                0x0000000000000070       0x20 ./Src/main.o
 .debug_aranges
                0x0000000000000090       0x28 ./Startup/startup_stm32f303vctx.o

.debug_rnglists
                0x0000000000000000       0x74
 .debug_rnglists
                0x0000000000000000       0x1f ./Src/SC.o
 .debug_rnglists
                0x000000000000001f       0x14 ./Src/SPI.o
 .debug_rnglists
                0x0000000000000033       0x14 ./Src/UART.o
 .debug_rnglists
                0x0000000000000047       0x14 ./Src/main.o
 .debug_rnglists
                0x000000000000005b       0x19 ./Startup/startup_stm32f303vctx.o

.debug_macro    0x0000000000000000     0x10d7
 .debug_macro   0x0000000000000000       0x6d ./Src/SC.o
 .debug_macro   0x000000000000006d      0xaae ./Src/SC.o
 .debug_macro   0x0000000000000b1b       0x22 ./Src/SC.o
 .debug_macro   0x0000000000000b3d       0x8e ./Src/SC.o
 .debug_macro   0x0000000000000bcb       0x51 ./Src/SC.o
 .debug_macro   0x0000000000000c1c      0x103 ./Src/SC.o
 .debug_macro   0x0000000000000d1f       0x6a ./Src/SC.o
 .debug_macro   0x0000000000000d89      0x1df ./Src/SC.o
 .debug_macro   0x0000000000000f68       0x77 ./Src/SPI.o
 .debug_macro   0x0000000000000fdf       0x77 ./Src/UART.o
 .debug_macro   0x0000000000001056       0x81 ./Src/main.o

.debug_line     0x0000000000000000      0xfb8
 .debug_line    0x0000000000000000      0x3a2 ./Src/SC.o
 .debug_line    0x00000000000003a2      0x3ae ./Src/SPI.o
 .debug_line    0x0000000000000750      0x3a6 ./Src/UART.o
 .debug_line    0x0000000000000af6      0x447 ./Src/main.o
 .debug_line    0x0000000000000f3d       0x7b ./Startup/startup_stm32f303vctx.o

.debug_str      0x0000000000000000     0x3d18
 .debug_str     0x0000000000000000     0x3ba7 ./Src/SC.o
                                       0x3d0b (size before relaxing)
 .debug_str     0x0000000000003ba7       0x90 ./Src/SPI.o
                                       0x3d85 (size before relaxing)
 .debug_str     0x0000000000003c37       0x8f ./Src/UART.o
                                       0x3d92 (size before relaxing)
 .debug_str     0x0000000000003cc6       0x23 ./Src/main.o
                                       0x3d62 (size before relaxing)
 .debug_str     0x0000000000003ce9       0x2f ./Startup/startup_stm32f303vctx.o
                                         0x6c (size before relaxing)

.debug_frame    0x0000000000000000      0x140
 .debug_frame   0x0000000000000000       0x88 ./Src/SC.o
 .debug_frame   0x0000000000000088       0x34 ./Src/SPI.o
 .debug_frame   0x00000000000000bc       0x2c ./Src/UART.o
 .debug_frame   0x00000000000000e8       0x2c ./Src/main.o
 .debug_frame   0x0000000000000114       0x2c /opt/st/stm32cubeide_1.13.1/plugins/com.st.stm32cube.ide.mcu.externaltools.gnu-tools-for-stm32.11.3.rel1.linux64_1.1.0.202305231506/tools/bin/../lib/gcc/arm-none-eabi/11.3.1/../../../../arm-none-eabi/lib/thumb/v7e-m+fp/hard/libc_nano.a(libc_a-init.o)

.debug_line_str
                0x0000000000000000       0x60
 .debug_line_str
                0x0000000000000000       0x60 ./Startup/startup_stm32f303vctx.o
                                         0x78 (size before relaxing)
